power throttling off: True; priority above normal: True; system kept awake: True
affinity: [0, 1, 2, 3, 4, 5, 6, 7, 8, 9, 10, 11, 12, 13, 14, 15]; BLAS threads 16
  index R=5 lambda=1530: n_eff=2.475990 [7 s]
  index R=5 lambda=1550: n_eff=2.453586 [7 s]
  index R=5 lambda=1570: n_eff=2.431257 [10 s]
  index R=8 lambda=1530: n_eff=2.471776 [9 s]
  index R=8 lambda=1550: n_eff=2.449413 [8 s]
  index R=8 lambda=1570: n_eff=2.427119 [10 s]
  index R=10 lambda=1530: n_eff=2.470805 [11 s]
  index R=10 lambda=1550: n_eff=2.448451 [9 s]
  index R=10 lambda=1570: n_eff=2.426165 [10 s]
  index R=15 lambda=1530: n_eff=2.469845 [11 s]
  index R=15 lambda=1550: n_eff=2.447501 [11 s]
  index R=15 lambda=1570: n_eff=2.425223 [11 s]
  index R=straight lambda=1530: n_eff=2.469078 [12 s]
  index R=straight lambda=1550: n_eff=2.446741 [13 s]
  index R=straight lambda=1570: n_eff=2.424470 [14 s]
  PML R=2 lambda=1530: n=2.510156+9.99e-07j -> 3.564e-01 dB/cm, conf 0.804 [14 s]
  PML R=2 lambda=1550: n=2.489339+1.64e-06j -> 5.779e-01 dB/cm, conf 0.798 [14 s]
  PML R=2 lambda=1570: n=2.468469+2.66e-06j -> 9.236e-01 dB/cm, conf 0.792 [14 s]
  PML R=3 lambda=1530: n=2.485429+9.77e-10j -> 3.486e-04 dB/cm, conf 0.804 [20 s]
  PML R=3 lambda=1550: n=2.464802+2.08e-09j -> 7.330e-04 dB/cm, conf 0.798 [21 s]
    pml_x1.3: 7.260e-04 dB/cm (x0.990) [18 s]
    factor_1+3j: 7.331e-04 dB/cm (x1.000) [16 s]
    standoff_+0.5um: 7.271e-04 dB/cm (x0.992) [14 s]
  PML R=3 lambda=1570: n=2.444094+4.34e-09j -> 1.509e-03 dB/cm, conf 0.792 [16 s]
  PML R=5 lambda=1530: n=2.473071+8.55e-16j -> 3.048e-10 dB/cm, conf 0.803 [19 s]
  PML R=5 lambda=1550: n=2.452552+3.14e-15j -> 1.106e-09 dB/cm, conf 0.797 [18 s]
  PML R=5 lambda=1570: n=2.431938+1.09e-14j -> 3.780e-09 dB/cm, conf 0.792 [19 s]
  roughness (sigma=2 nm, Lc=50 nm): 4.43 dB/cm (EIM index), 7.79 dB/cm (mode index); bend enhancement {'5': 1.004615393631303, '8': 1.0017996929151134, '10': 1.0011513228127313, '15': 1.0005114866580542, 'straight': 1.0}
wrote C:\Users\Jay\Projects\DBEME\reports\output\ring\ring_loss.json
